// Jest Snapshot v1, https://goo.gl/fbAQLP

exports[`lib/manager/jenkins/extract extractPackageFile() extracts multiple image lines 1`] = `
Array [
  Object {
    "currentValue": "1.2.3",
    "datasource": "jenkins",
    "depName": "email-ext",
    "versioning": "docker",
  },
  Object {
    "currentValue": "4.4.10-2.0",
    "datasource": "jenkins",
    "depName": "apache-httpcomponents-client-4-api",
    "versioning": "docker",
  },
  Object {
    "currentValue": "1.2",
    "datasource": "jenkins",
    "depName": "authentication-tokens",
    "versioning": "docker",
  },
  Object {
    "currentValue": "1.21.0",
    "datasource": "jenkins",
    "depName": "blueocean",
    "versioning": "docker",
  },
]
`;
